[2026-09-22 08:04:44] production.WARNING: Notification email failed for user 12: Failed to authenticate on SMTP server with username "evanney2018@gmail.com" using the following authenticators: "LOGIN", "PLAIN", "XOAUTH2". Authenticator "LOGIN" returned "Expected response code "235" but got code "535", with message "535-5.7.8 Username and Password not accepted. For more information, go to
535 5.7.8  https://support.google.com/mail/?p=BadCredentials ffacd0b85a97d-4886277e185sm2724368f8f.16 - gsmtp".". Authenticator "PLAIN" returned "Expected response code "235" but got code "535", with message "535-5.7.8 Username and Password not accepted. For more information, go to
535 5.7.8  https://support.google.com/mail/?p=BadCredentials ffacd0b85a97d-4886277e185sm2724368f8f.16 - gsmtp".". Authenticator "XOAUTH2" returned "Expected response code "235" but got code "334", with message "334 eyJzdGF0dXMiOiI0MDAiLCJzY2hlbWVzIjoiQmVhcmVyIiwic2NvcGUiOiJodHRwczovL21haWwuZ29vZ2xlLmNvbS8ifQ==".".  
[2026-09-22 08:04:45] production.WARNING: OneSignal push failed for user 12: HTTP request returned status code 401:
{"errors": ["Access denied.  Please include an 'Authorization: ...' header with a valid API key (https://documentation.o (truncated...)
  
[2026-09-22 08:04:46] production.WARNING: Notification email failed for user 13: Failed to authenticate on SMTP server with username "evanney2018@gmail.com" using the following authenticators: "LOGIN", "PLAIN", "XOAUTH2". Authenticator "LOGIN" returned "Expected response code "235" but got code "535", with message "535-5.7.8 Username and Password not accepted. For more information, go to
535 5.7.8  https://support.google.com/mail/?p=BadCredentials ffacd0b85a97d-48862795215sm2542475f8f.37 - gsmtp".". Authenticator "PLAIN" returned "Expected response code "235" but got code "535", with message "535-5.7.8 Username and Password not accepted. For more information, go to
535 5.7.8  https://support.google.com/mail/?p=BadCredentials ffacd0b85a97d-48862795215sm2542475f8f.37 - gsmtp".". Authenticator "XOAUTH2" returned "Expected response code "235" but got code "334", with message "334 eyJzdGF0dXMiOiI0MDAiLCJzY2hlbWVzIjoiQmVhcmVyIiwic2NvcGUiOiJodHRwczovL21haWwuZ29vZ2xlLmNvbS8ifQ==".".  
[2026-09-22 08:04:46] production.WARNING: OneSignal push failed for user 13: HTTP request returned status code 401:
{"errors": ["Access denied.  Please include an 'Authorization: ...' header with a valid API key (https://documentation.o (truncated...)
  
[2026-09-22 08:04:47] production.WARNING: Notification email failed for user 12: Failed to authenticate on SMTP server with username "evanney2018@gmail.com" using the following authenticators: "LOGIN", "PLAIN", "XOAUTH2". Authenticator "LOGIN" returned "Expected response code "235" but got code "535", with message "535-5.7.8 Username and Password not accepted. For more information, go to
535 5.7.8  https://support.google.com/mail/?p=BadCredentials 5b1f17b1804b1-49fdad40b4dsm27806255e9.10 - gsmtp".". Authenticator "PLAIN" returned "Expected response code "235" but got code "535", with message "535-5.7.8 Username and Password not accepted. For more information, go to
535 5.7.8  https://support.google.com/mail/?p=BadCredentials 5b1f17b1804b1-49fdad40b4dsm27806255e9.10 - gsmtp".". Authenticator "XOAUTH2" returned "Expected response code "235" but got code "334", with message "334 eyJzdGF0dXMiOiI0MDAiLCJzY2hlbWVzIjoiQmVhcmVyIiwic2NvcGUiOiJodHRwczovL21haWwuZ29vZ2xlLmNvbS8ifQ==".".  
[2026-09-22 08:04:47] production.WARNING: OneSignal push failed for user 12: HTTP request returned status code 401:
{"errors": ["Access denied.  Please include an 'Authorization: ...' header with a valid API key (https://documentation.o (truncated...)
  
[2026-09-22 08:04:48] production.WARNING: Notification email failed for user 13: Failed to authenticate on SMTP server with username "evanney2018@gmail.com" using the following authenticators: "LOGIN", "PLAIN", "XOAUTH2". Authenticator "LOGIN" returned "Expected response code "235" but got code "535", with message "535-5.7.8 Username and Password not accepted. For more information, go to
535 5.7.8  https://support.google.com/mail/?p=BadCredentials 5b1f17b1804b1-49fd8cc061fsm50768005e9.4 - gsmtp".". Authenticator "PLAIN" returned "Expected response code "235" but got code "535", with message "535-5.7.8 Username and Password not accepted. For more information, go to
535 5.7.8  https://support.google.com/mail/?p=BadCredentials 5b1f17b1804b1-49fd8cc061fsm50768005e9.4 - gsmtp".". Authenticator "XOAUTH2" returned "Expected response code "235" but got code "334", with message "334 eyJzdGF0dXMiOiI0MDAiLCJzY2hlbWVzIjoiQmVhcmVyIiwic2NvcGUiOiJodHRwczovL21haWwuZ29vZ2xlLmNvbS8ifQ==".".  
[2026-09-22 08:04:48] production.WARNING: OneSignal push failed for user 13: HTTP request returned status code 401:
{"errors": ["Access denied.  Please include an 'Authorization: ...' header with a valid API key (https://documentation.o (truncated...)
  
[2026-09-22 08:07:04] production.WARNING: Setup-password email failed for user 29: Failed to authenticate on SMTP server with username "evanney2018@gmail.com" using the following authenticators: "LOGIN", "PLAIN", "XOAUTH2". Authenticator "LOGIN" returned "Expected response code "235" but got code "535", with message "535-5.7.8 Username and Password not accepted. For more information, go to
535 5.7.8  https://support.google.com/mail/?p=BadCredentials 5b1f17b1804b1-49fd8ce2623sm68645925e9.13 - gsmtp".". Authenticator "PLAIN" returned "Expected response code "235" but got code "535", with message "535-5.7.8 Username and Password not accepted. For more information, go to
535 5.7.8  https://support.google.com/mail/?p=BadCredentials 5b1f17b1804b1-49fd8ce2623sm68645925e9.13 - gsmtp".". Authenticator "XOAUTH2" returned "Expected response code "235" but got code "334", with message "334 eyJzdGF0dXMiOiI0MDAiLCJzY2hlbWVzIjoiQmVhcmVyIiwic2NvcGUiOiJodHRwczovL21haWwuZ29vZ2xlLmNvbS8ifQ==".".  
[2026-09-22 08:10:34] production.WARNING: Setup-password email failed for user 31: Failed to authenticate on SMTP server with username "evanney2018@gmail.com" using the following authenticators: "LOGIN", "PLAIN", "XOAUTH2". Authenticator "LOGIN" returned "Expected response code "235" but got code "535", with message "535-5.7.8 Username and Password not accepted. For more information, go to
535 5.7.8  https://support.google.com/mail/?p=BadCredentials ffacd0b85a97d-48862774543sm3058631f8f.11 - gsmtp".". Authenticator "PLAIN" returned "Expected response code "235" but got code "535", with message "535-5.7.8 Username and Password not accepted. For more information, go to
535 5.7.8  https://support.google.com/mail/?p=BadCredentials ffacd0b85a97d-48862774543sm3058631f8f.11 - gsmtp".". Authenticator "XOAUTH2" returned "Expected response code "235" but got code "334", with message "334 eyJzdGF0dXMiOiI0MDAiLCJzY2hlbWVzIjoiQmVhcmVyIiwic2NvcGUiOiJodHRwczovL21haWwuZ29vZ2xlLmNvbS8ifQ==".".  
[2026-09-22 09:28:04] production.WARNING: Notification email failed for user 29: Failed to authenticate on SMTP server with username "evanney2018@gmail.com" using the following authenticators: "LOGIN", "PLAIN", "XOAUTH2". Authenticator "LOGIN" returned "Expected response code "235" but got code "535", with message "535-5.7.8 Username and Password not accepted. For more information, go to
535 5.7.8  https://support.google.com/mail/?p=BadCredentials 5b1f17b1804b1-49fdaa4e47csm69493575e9.1 - gsmtp".". Authenticator "PLAIN" returned "Expected response code "235" but got empty code.". Authenticator "XOAUTH2" returned "Expected response code "235" but got empty code.".  
[2026-09-22 09:28:04] production.WARNING: OneSignal push failed for user 29: HTTP request returned status code 401:
{"errors": ["Access denied.  Please include an 'Authorization: ...' header with a valid API key (https://documentation.o (truncated...)
  
[2026-09-22 09:48:29] production.WARNING: Notification email failed for user 1: Failed to authenticate on SMTP server with username "evanney2018@gmail.com" using the following authenticators: "LOGIN", "PLAIN", "XOAUTH2". Authenticator "LOGIN" returned "Expected response code "235" but got code "535", with message "535-5.7.8 Username and Password not accepted. For more information, go to
535 5.7.8  https://support.google.com/mail/?p=BadCredentials a640c23a62f3a-c2a9c5832fesm50519866b.30 - gsmtp".". Authenticator "PLAIN" returned "Expected response code "235" but got code "535", with message "535-5.7.8 Username and Password not accepted. For more information, go to
535 5.7.8  https://support.google.com/mail/?p=BadCredentials a640c23a62f3a-c2a9c5832fesm50519866b.30 - gsmtp".". Authenticator "XOAUTH2" returned "Expected response code "235" but got code "334", with message "334 eyJzdGF0dXMiOiI0MDAiLCJzY2hlbWVzIjoiQmVhcmVyIiwic2NvcGUiOiJodHRwczovL21haWwuZ29vZ2xlLmNvbS8ifQ==".".  
[2026-09-22 09:48:29] production.WARNING: OneSignal push failed for user 1: HTTP request returned status code 401:
{"errors": ["Access denied.  Please include an 'Authorization: ...' header with a valid API key (https://documentation.o (truncated...)
  
[2026-09-22 10:26:09] production.WARNING: Notification email failed for user 12: Failed to authenticate on SMTP server with username "evanney2018@gmail.com" using the following authenticators: "LOGIN", "PLAIN", "XOAUTH2". Authenticator "LOGIN" returned "Expected response code "235" but got code "535", with message "535-5.7.8 Username and Password not accepted. For more information, go to
535 5.7.8  https://support.google.com/mail/?p=BadCredentials a640c23a62f3a-c2a9c58093esm55154866b.28 - gsmtp".". Authenticator "PLAIN" returned "Expected response code "235" but got code "535", with message "535-5.7.8 Username and Password not accepted. For more information, go to
535 5.7.8  https://support.google.com/mail/?p=BadCredentials a640c23a62f3a-c2a9c58093esm55154866b.28 - gsmtp".". Authenticator "XOAUTH2" returned "Expected response code "235" but got code "334", with message "334 eyJzdGF0dXMiOiI0MDAiLCJzY2hlbWVzIjoiQmVhcmVyIiwic2NvcGUiOiJodHRwczovL21haWwuZ29vZ2xlLmNvbS8ifQ==".".  
[2026-09-22 10:26:09] production.WARNING: OneSignal push failed for user 12: HTTP request returned status code 401:
{"errors": ["Access denied.  Please include an 'Authorization: ...' header with a valid API key (https://documentation.o (truncated...)
  
[2026-09-22 10:30:57] production.WARNING: Notification email failed for user 10: Failed to authenticate on SMTP server with username "evanney2018@gmail.com" using the following authenticators: "LOGIN", "PLAIN", "XOAUTH2". Authenticator "LOGIN" returned "Expected response code "235" but got code "535", with message "535-5.7.8 Username and Password not accepted. For more information, go to
535 5.7.8  https://support.google.com/mail/?p=BadCredentials 4fb4d7f45d1cf-6aaa44fa2f5sm740615a12.18 - gsmtp".". Authenticator "PLAIN" returned "Expected response code "235" but got code "535", with message "535-5.7.8 Username and Password not accepted. For more information, go to
535 5.7.8  https://support.google.com/mail/?p=BadCredentials 4fb4d7f45d1cf-6aaa44fa2f5sm740615a12.18 - gsmtp".". Authenticator "XOAUTH2" returned "Expected response code "235" but got code "334", with message "334 eyJzdGF0dXMiOiI0MDAiLCJzY2hlbWVzIjoiQmVhcmVyIiwic2NvcGUiOiJodHRwczovL21haWwuZ29vZ2xlLmNvbS8ifQ==".".  
[2026-09-22 10:30:57] production.WARNING: OneSignal push failed for user 10: HTTP request returned status code 401:
{"errors": ["Access denied.  Please include an 'Authorization: ...' header with a valid API key (https://documentation.o (truncated...)
  
[2026-09-22 10:32:49] production.WARNING: Notification email failed for user 14: Failed to authenticate on SMTP server with username "evanney2018@gmail.com" using the following authenticators: "LOGIN", "PLAIN", "XOAUTH2". Authenticator "LOGIN" returned "Expected response code "235" but got code "535", with message "535-5.7.8 Username and Password not accepted. For more information, go to
535 5.7.8  https://support.google.com/mail/?p=BadCredentials 4fb4d7f45d1cf-6aaaae6982csm64088a12.22 - gsmtp".". Authenticator "PLAIN" returned "Expected response code "235" but got code "535", with message "535-5.7.8 Username and Password not accepted. For more information, go to
535 5.7.8  https://support.google.com/mail/?p=BadCredentials 4fb4d7f45d1cf-6aaaae6982csm64088a12.22 - gsmtp".". Authenticator "XOAUTH2" returned "Expected response code "235" but got code "334", with message "334 eyJzdGF0dXMiOiI0MDAiLCJzY2hlbWVzIjoiQmVhcmVyIiwic2NvcGUiOiJodHRwczovL21haWwuZ29vZ2xlLmNvbS8ifQ==".".  
[2026-09-22 10:32:49] production.WARNING: OneSignal push failed for user 14: HTTP request returned status code 401:
{"errors": ["Access denied.  Please include an 'Authorization: ...' header with a valid API key (https://documentation.o (truncated...)
  
[2026-09-22 10:50:01] production.WARNING: Notification email failed for user 1: Failed to authenticate on SMTP server with username "evanney2018@gmail.com" using the following authenticators: "LOGIN", "PLAIN", "XOAUTH2". Authenticator "LOGIN" returned "Expected response code "235" but got code "535", with message "535-5.7.8 Username and Password not accepted. For more information, go to
535 5.7.8  https://support.google.com/mail/?p=BadCredentials 4fb4d7f45d1cf-6aaa440db2fsm765382a12.3 - gsmtp".". Authenticator "PLAIN" returned "Expected response code "235" but got code "535", with message "535-5.7.8 Username and Password not accepted. For more information, go to
535 5.7.8  https://support.google.com/mail/?p=BadCredentials 4fb4d7f45d1cf-6aaa440db2fsm765382a12.3 - gsmtp".". Authenticator "XOAUTH2" returned "Expected response code "235" but got code "334", with message "334 eyJzdGF0dXMiOiI0MDAiLCJzY2hlbWVzIjoiQmVhcmVyIiwic2NvcGUiOiJodHRwczovL21haWwuZ29vZ2xlLmNvbS8ifQ==".".  
[2026-09-22 10:50:01] production.WARNING: OneSignal push failed for user 1: HTTP request returned status code 401:
{"errors": ["Access denied.  Please include an 'Authorization: ...' header with a valid API key (https://documentation.o (truncated...)
  
[2026-09-22 13:49:54] production.WARNING: Notification email failed for user 12: Failed to authenticate on SMTP server with username "evanney2018@gmail.com" using the following authenticators: "LOGIN", "PLAIN", "XOAUTH2". Authenticator "LOGIN" returned "Expected response code "235" but got code "535", with message "535-5.7.8 Username and Password not accepted. For more information, go to
535 5.7.8  https://support.google.com/mail/?p=BadCredentials a640c23a62f3a-c2a9c430770sm79219366b.2 - gsmtp".". Authenticator "PLAIN" returned "Expected response code "235" but got code "535", with message "535-5.7.8 Username and Password not accepted. For more information, go to
535 5.7.8  https://support.google.com/mail/?p=BadCredentials a640c23a62f3a-c2a9c430770sm79219366b.2 - gsmtp".". Authenticator "XOAUTH2" returned "Expected response code "235" but got code "334", with message "334 eyJzdGF0dXMiOiI0MDAiLCJzY2hlbWVzIjoiQmVhcmVyIiwic2NvcGUiOiJodHRwczovL21haWwuZ29vZ2xlLmNvbS8ifQ==".".  
[2026-09-22 13:49:54] production.WARNING: OneSignal push failed for user 12: HTTP request returned status code 401:
{"errors": ["Access denied.  Please include an 'Authorization: ...' header with a valid API key (https://documentation.o (truncated...)
  
[2026-09-22 13:49:56] production.WARNING: Notification email failed for user 18: Failed to authenticate on SMTP server with username "evanney2018@gmail.com" using the following authenticators: "LOGIN", "PLAIN", "XOAUTH2". Authenticator "LOGIN" returned "Expected response code "235" but got code "535", with message "535-5.7.8 Username and Password not accepted. For more information, go to
535 5.7.8  https://support.google.com/mail/?p=BadCredentials a640c23a62f3a-c2a9c5ee08dsm76482466b.49 - gsmtp".". Authenticator "PLAIN" returned "Expected response code "235" but got code "535", with message "535-5.7.8 Username and Password not accepted. For more information, go to
535 5.7.8  https://support.google.com/mail/?p=BadCredentials a640c23a62f3a-c2a9c5ee08dsm76482466b.49 - gsmtp".". Authenticator "XOAUTH2" returned "Expected response code "235" but got code "334", with message "334 eyJzdGF0dXMiOiI0MDAiLCJzY2hlbWVzIjoiQmVhcmVyIiwic2NvcGUiOiJodHRwczovL21haWwuZ29vZ2xlLmNvbS8ifQ==".".  
[2026-09-22 13:49:56] production.WARNING: OneSignal push failed for user 18: HTTP request returned status code 401:
{"errors": ["Access denied.  Please include an 'Authorization: ...' header with a valid API key (https://documentation.o (truncated...)
  
