[2026-09-29 00:33:13] local.ERROR: SQLSTATE[HY000]: General error: 1 near "MODIFY": syntax error (Connection: sqlite, SQL: ALTER TABLE deadline_extension_requests MODIFY requested_deadline DATETIME NULL) {"exception":"[object] (Illuminate\\Database\\QueryException(code: HY000): SQLSTATE[HY000]: General error: 1 near \"MODIFY\": syntax error (Connection: sqlite, SQL: ALTER TABLE deadline_extension_requests MODIFY requested_deadline DATETIME NULL) at C:/Users/HP/Documents/GitHub/worktool-cpanel/vendor/laravel/framework/src/Illuminate/Database/Connection.php:825)
[stacktrace]
#0 C:/Users/HP/Documents/GitHub/worktool-cpanel/vendor/laravel/framework/src/Illuminate/Database/Connection.php(779): Illuminate/Database/Connection->runQueryCallback()
#1 C:/Users/HP/Documents/GitHub/worktool-cpanel/vendor/laravel/framework/src/Illuminate/Database/Connection.php(560): Illuminate/Database/Connection->run()
#2 C:/Users/HP/Documents/GitHub/worktool-cpanel/vendor/laravel/framework/src/Illuminate/Database/DatabaseManager.php(495): Illuminate/Database/Connection->statement()
#3 C:/Users/HP/Documents/GitHub/worktool-cpanel/vendor/laravel/framework/src/Illuminate/Support/Facades/Facade.php(361): Illuminate/Database/DatabaseManager->__call()
#4 C:/Users/HP/Documents/GitHub/worktool-cpanel/database/migrations/2026_07_14_000001_fix_deadline_extension_requests_columns.php(15): Illuminate/Support/Facades/Facade::__callStatic()
#5 C:/Users/HP/Documents/GitHub/worktool-cpanel/vendor/laravel/framework/src/Illuminate/Database/Migrations/Migrator.php(507): Illuminate/Database/Migrations/Migration@anonymous->up()
#6 C:/Users/HP/Documents/GitHub/worktool-cpanel/vendor/laravel/framework/src/Illuminate/Database/Migrations/Migrator.php(432): Illuminate/Database/Migrations/Migrator->runMethod()
#7 C:/Users/HP/Documents/GitHub/worktool-cpanel/vendor/laravel/framework/src/Illuminate/Database/Migrations/Migrator.php(441): Illuminate/Database/Migrations/Migrator->{closure:Illuminate/Database/Migrations/Migrator::runMigration():428}()
#8 C:/Users/HP/Documents/GitHub/worktool-cpanel/vendor/laravel/framework/src/Illuminate/Database/Migrations/Migrator.php(244): Illuminate/Database/Migrations/Migrator->runMigration()
#9 C:/Users/HP/Documents/GitHub/worktool-cpanel/vendor/laravel/framework/src/Illuminate/Console/View/Components/Task.php(40): Illuminate/Database/Migrations/Migrator->{closure:Illuminate/Database/Migrations/Migrator::runUp():244}()
#10 C:/Users/HP/Documents/GitHub/worktool-cpanel/vendor/laravel/framework/src/Illuminate/Database/Migrations/Migrator.php(798): Illuminate/Console/View/Components/Task->render()
#11 C:/Users/HP/Documents/GitHub/worktool-cpanel/vendor/laravel/framework/src/Illuminate/Database/Migrations/Migrator.php(244): Illuminate/Database/Migrations/Migrator->write()
#12 C:/Users/HP/Documents/GitHub/worktool-cpanel/vendor/laravel/framework/src/Illuminate/Database/Migrations/Migrator.php(211): Illuminate/Database/Migrations/Migrator->runUp()
#13 C:/Users/HP/Documents/GitHub/worktool-cpanel/vendor/laravel/framework/src/Illuminate/Database/Migrations/Migrator.php(138): Illuminate/Database/Migrations/Migrator->runPending()
#14 C:/Users/HP/Documents/GitHub/worktool-cpanel/vendor/laravel/framework/src/Illuminate/Database/Console/Migrations/MigrateCommand.php(117): Illuminate/Database/Migrations/Migrator->run()
#15 C:/Users/HP/Documents/GitHub/worktool-cpanel/vendor/laravel/framework/src/Illuminate/Database/Migrations/Migrator.php(658): Illuminate/Database/Console/Migrations/MigrateCommand->{closure:Illuminate/Database/Console/Migrations/MigrateCommand::runMigrations():110}()
#16 C:/Users/HP/Documents/GitHub/worktool-cpanel/vendor/laravel/framework/src/Illuminate/Database/Console/Migrations/MigrateCommand.php(110): Illuminate/Database/Migrations/Migrator->usingConnection()
#17 C:/Users/HP/Documents/GitHub/worktool-cpanel/vendor/laravel/framework/src/Illuminate/Database/Console/Migrations/MigrateCommand.php(89): Illuminate/Database/Console/Migrations/MigrateCommand->runMigrations()
#18 C:/Users/HP/Documents/GitHub/worktool-cpanel/vendor/laravel/framework/src/Illuminate/Container/BoundMethod.php(36): Illuminate/Database/Console/Migrations/MigrateCommand->handle()
#19 C:/Users/HP/Documents/GitHub/worktool-cpanel/vendor/laravel/framework/src/Illuminate/Container/Util.php(43): Illuminate/Container/BoundMethod::{closure:Illuminate/Container/BoundMethod::call():35}()
#20 C:/Users/HP/Documents/GitHub/worktool-cpanel/vendor/laravel/framework/src/Illuminate/Container/BoundMethod.php(95): Illuminate/Container/Util::unwrapIfClosure()
#21 C:/Users/HP/Documents/GitHub/worktool-cpanel/vendor/laravel/framework/src/Illuminate/Container/BoundMethod.php(35): Illuminate/Container/BoundMethod::callBoundMethod()
#22 C:/Users/HP/Documents/GitHub/worktool-cpanel/vendor/laravel/framework/src/Illuminate/Container/Container.php(696): Illuminate/Container/BoundMethod::call()
#23 C:/Users/HP/Documents/GitHub/worktool-cpanel/vendor/laravel/framework/src/Illuminate/Console/Command.php(213): Illuminate/Container/Container->call()
#24 C:/Users/HP/Documents/GitHub/worktool-cpanel/vendor/symfony/console/Command/Command.php(341): Illuminate/Console/Command->execute()
#25 C:/Users/HP/Documents/GitHub/worktool-cpanel/vendor/laravel/framework/src/Illuminate/Console/Command.php(182): Symfony/Component/Console/Command/Command->run()
#26 C:/Users/HP/Documents/GitHub/worktool-cpanel/vendor/symfony/console/Application.php(1117): Illuminate/Console/Command->run()
#27 C:/Users/HP/Documents/GitHub/worktool-cpanel/vendor/symfony/console/Application.php(356): Symfony/Component/Console/Application->doRunCommand()
#28 C:/Users/HP/Documents/GitHub/worktool-cpanel/vendor/symfony/console/Application.php(195): Symfony/Component/Console/Application->doRun()
#29 C:/Users/HP/Documents/GitHub/worktool-cpanel/vendor/laravel/framework/src/Illuminate/Foundation/Console/Kernel.php(198): Symfony/Component/Console/Application->run()
#30 C:/Users/HP/Documents/GitHub/worktool-cpanel/vendor/laravel/framework/src/Illuminate/Foundation/Application.php(1235): Illuminate/Foundation/Console/Kernel->handle()
#31 C:/Users/HP/Documents/GitHub/worktool-cpanel/artisan(16): Illuminate/Foundation/Application->handleCommand()
#32 {main}

[previous exception] [object] (PDOException(code: HY000): SQLSTATE[HY000]: General error: 1 near \"MODIFY\": syntax error at C:/Users/HP/Documents/GitHub/worktool-cpanel/vendor/laravel/framework/src/Illuminate/Database/Connection.php:565)
[stacktrace]
#0 C:/Users/HP/Documents/GitHub/worktool-cpanel/vendor/laravel/framework/src/Illuminate/Database/Connection.php(565): PDO->prepare()
#1 C:/Users/HP/Documents/GitHub/worktool-cpanel/vendor/laravel/framework/src/Illuminate/Database/Connection.php(812): Illuminate/Database/Connection->{closure:Illuminate/Database/Connection::statement():560}()
#2 C:/Users/HP/Documents/GitHub/worktool-cpanel/vendor/laravel/framework/src/Illuminate/Database/Connection.php(779): Illuminate/Database/Connection->runQueryCallback()
#3 C:/Users/HP/Documents/GitHub/worktool-cpanel/vendor/laravel/framework/src/Illuminate/Database/Connection.php(560): Illuminate/Database/Connection->run()
#4 C:/Users/HP/Documents/GitHub/worktool-cpanel/vendor/laravel/framework/src/Illuminate/Database/DatabaseManager.php(495): Illuminate/Database/Connection->statement()
#5 C:/Users/HP/Documents/GitHub/worktool-cpanel/vendor/laravel/framework/src/Illuminate/Support/Facades/Facade.php(361): Illuminate/Database/DatabaseManager->__call()
#6 C:/Users/HP/Documents/GitHub/worktool-cpanel/database/migrations/2026_07_14_000001_fix_deadline_extension_requests_columns.php(15): Illuminate/Support/Facades/Facade::__callStatic()
#7 C:/Users/HP/Documents/GitHub/worktool-cpanel/vendor/laravel/framework/src/Illuminate/Database/Migrations/Migrator.php(507): Illuminate/Database/Migrations/Migration@anonymous->up()
#8 C:/Users/HP/Documents/GitHub/worktool-cpanel/vendor/laravel/framework/src/Illuminate/Database/Migrations/Migrator.php(432): Illuminate/Database/Migrations/Migrator->runMethod()
#9 C:/Users/HP/Documents/GitHub/worktool-cpanel/vendor/laravel/framework/src/Illuminate/Database/Migrations/Migrator.php(441): Illuminate/Database/Migrations/Migrator->{closure:Illuminate/Database/Migrations/Migrator::runMigration():428}()
#10 C:/Users/HP/Documents/GitHub/worktool-cpanel/vendor/laravel/framework/src/Illuminate/Database/Migrations/Migrator.php(244): Illuminate/Database/Migrations/Migrator->runMigration()
#11 C:/Users/HP/Documents/GitHub/worktool-cpanel/vendor/laravel/framework/src/Illuminate/Console/View/Components/Task.php(40): Illuminate/Database/Migrations/Migrator->{closure:Illuminate/Database/Migrations/Migrator::runUp():244}()
#12 C:/Users/HP/Documents/GitHub/worktool-cpanel/vendor/laravel/framework/src/Illuminate/Database/Migrations/Migrator.php(798): Illuminate/Console/View/Components/Task->render()
#13 C:/Users/HP/Documents/GitHub/worktool-cpanel/vendor/laravel/framework/src/Illuminate/Database/Migrations/Migrator.php(244): Illuminate/Database/Migrations/Migrator->write()
#14 C:/Users/HP/Documents/GitHub/worktool-cpanel/vendor/laravel/framework/src/Illuminate/Database/Migrations/Migrator.php(211): Illuminate/Database/Migrations/Migrator->runUp()
#15 C:/Users/HP/Documents/GitHub/worktool-cpanel/vendor/laravel/framework/src/Illuminate/Database/Migrations/Migrator.php(138): Illuminate/Database/Migrations/Migrator->runPending()
#16 C:/Users/HP/Documents/GitHub/worktool-cpanel/vendor/laravel/framework/src/Illuminate/Database/Console/Migrations/MigrateCommand.php(117): Illuminate/Database/Migrations/Migrator->run()
#17 C:/Users/HP/Documents/GitHub/worktool-cpanel/vendor/laravel/framework/src/Illuminate/Database/Migrations/Migrator.php(658): Illuminate/Database/Console/Migrations/MigrateCommand->{closure:Illuminate/Database/Console/Migrations/MigrateCommand::runMigrations():110}()
#18 C:/Users/HP/Documents/GitHub/worktool-cpanel/vendor/laravel/framework/src/Illuminate/Database/Console/Migrations/MigrateCommand.php(110): Illuminate/Database/Migrations/Migrator->usingConnection()
#19 C:/Users/HP/Documents/GitHub/worktool-cpanel/vendor/laravel/framework/src/Illuminate/Database/Console/Migrations/MigrateCommand.php(89): Illuminate/Database/Console/Migrations/MigrateCommand->runMigrations()
#20 C:/Users/HP/Documents/GitHub/worktool-cpanel/vendor/laravel/framework/src/Illuminate/Container/BoundMethod.php(36): Illuminate/Database/Console/Migrations/MigrateCommand->handle()
#21 C:/Users/HP/Documents/GitHub/worktool-cpanel/vendor/laravel/framework/src/Illuminate/Container/Util.php(43): Illuminate/Container/BoundMethod::{closure:Illuminate/Container/BoundMethod::call():35}()
#22 C:/Users/HP/Documents/GitHub/worktool-cpanel/vendor/laravel/framework/src/Illuminate/Container/BoundMethod.php(95): Illuminate/Container/Util::unwrapIfClosure()
#23 C:/Users/HP/Documents/GitHub/worktool-cpanel/vendor/laravel/framework/src/Illuminate/Container/BoundMethod.php(35): Illuminate/Container/BoundMethod::callBoundMethod()
#24 C:/Users/HP/Documents/GitHub/worktool-cpanel/vendor/laravel/framework/src/Illuminate/Container/Container.php(696): Illuminate/Container/BoundMethod::call()
#25 C:/Users/HP/Documents/GitHub/worktool-cpanel/vendor/laravel/framework/src/Illuminate/Console/Command.php(213): Illuminate/Container/Container->call()
#26 C:/Users/HP/Documents/GitHub/worktool-cpanel/vendor/symfony/console/Command/Command.php(341): Illuminate/Console/Command->execute()
#27 C:/Users/HP/Documents/GitHub/worktool-cpanel/vendor/laravel/framework/src/Illuminate/Console/Command.php(182): Symfony/Component/Console/Command/Command->run()
#28 C:/Users/HP/Documents/GitHub/worktool-cpanel/vendor/symfony/console/Application.php(1117): Illuminate/Console/Command->run()
#29 C:/Users/HP/Documents/GitHub/worktool-cpanel/vendor/symfony/console/Application.php(356): Symfony/Component/Console/Application->doRunCommand()
#30 C:/Users/HP/Documents/GitHub/worktool-cpanel/vendor/symfony/console/Application.php(195): Symfony/Component/Console/Application->doRun()
#31 C:/Users/HP/Documents/GitHub/worktool-cpanel/vendor/laravel/framework/src/Illuminate/Foundation/Console/Kernel.php(198): Symfony/Component/Console/Application->run()
#32 C:/Users/HP/Documents/GitHub/worktool-cpanel/vendor/laravel/framework/src/Illuminate/Foundation/Application.php(1235): Illuminate/Foundation/Console/Kernel->handle()
#33 C:/Users/HP/Documents/GitHub/worktool-cpanel/artisan(16): Illuminate/Foundation/Application->handleCommand()
#34 {main}
"} 
[2026-09-29 00:33:21] local.ERROR: SQLSTATE[HY000]: General error: 1 near "MODIFY": syntax error (Connection: sqlite, SQL: ALTER TABLE issue_reports MODIFY status VARCHAR(255) NOT NULL DEFAULT 'pending') {"exception":"[object] (Illuminate\\Database\\QueryException(code: HY000): SQLSTATE[HY000]: General error: 1 near \"MODIFY\": syntax error (Connection: sqlite, SQL: ALTER TABLE issue_reports MODIFY status VARCHAR(255) NOT NULL DEFAULT 'pending') at C:/Users/HP/Documents/GitHub/worktool-cpanel/vendor/laravel/framework/src/Illuminate/Database/Connection.php:825)
[stacktrace]
#0 C:/Users/HP/Documents/GitHub/worktool-cpanel/vendor/laravel/framework/src/Illuminate/Database/Connection.php(779): Illuminate/Database/Connection->runQueryCallback()
#1 C:/Users/HP/Documents/GitHub/worktool-cpanel/vendor/laravel/framework/src/Illuminate/Database/Connection.php(560): Illuminate/Database/Connection->run()
#2 C:/Users/HP/Documents/GitHub/worktool-cpanel/vendor/laravel/framework/src/Illuminate/Database/DatabaseManager.php(495): Illuminate/Database/Connection->statement()
#3 C:/Users/HP/Documents/GitHub/worktool-cpanel/vendor/laravel/framework/src/Illuminate/Support/Facades/Facade.php(361): Illuminate/Database/DatabaseManager->__call()
#4 C:/Users/HP/Documents/GitHub/worktool-cpanel/database/migrations/2026_07_14_000002_add_category_suggestions_and_status_vocab_to_issue_reports.php(23): Illuminate/Support/Facades/Facade::__callStatic()
#5 C:/Users/HP/Documents/GitHub/worktool-cpanel/vendor/laravel/framework/src/Illuminate/Database/Migrations/Migrator.php(507): Illuminate/Database/Migrations/Migration@anonymous->up()
#6 C:/Users/HP/Documents/GitHub/worktool-cpanel/vendor/laravel/framework/src/Illuminate/Database/Migrations/Migrator.php(432): Illuminate/Database/Migrations/Migrator->runMethod()
#7 C:/Users/HP/Documents/GitHub/worktool-cpanel/vendor/laravel/framework/src/Illuminate/Database/Migrations/Migrator.php(441): Illuminate/Database/Migrations/Migrator->{closure:Illuminate/Database/Migrations/Migrator::runMigration():428}()
#8 C:/Users/HP/Documents/GitHub/worktool-cpanel/vendor/laravel/framework/src/Illuminate/Database/Migrations/Migrator.php(244): Illuminate/Database/Migrations/Migrator->runMigration()
#9 C:/Users/HP/Documents/GitHub/worktool-cpanel/vendor/laravel/framework/src/Illuminate/Console/View/Components/Task.php(40): Illuminate/Database/Migrations/Migrator->{closure:Illuminate/Database/Migrations/Migrator::runUp():244}()
#10 C:/Users/HP/Documents/GitHub/worktool-cpanel/vendor/laravel/framework/src/Illuminate/Database/Migrations/Migrator.php(798): Illuminate/Console/View/Components/Task->render()
#11 C:/Users/HP/Documents/GitHub/worktool-cpanel/vendor/laravel/framework/src/Illuminate/Database/Migrations/Migrator.php(244): Illuminate/Database/Migrations/Migrator->write()
#12 C:/Users/HP/Documents/GitHub/worktool-cpanel/vendor/laravel/framework/src/Illuminate/Database/Migrations/Migrator.php(211): Illuminate/Database/Migrations/Migrator->runUp()
#13 C:/Users/HP/Documents/GitHub/worktool-cpanel/vendor/laravel/framework/src/Illuminate/Database/Migrations/Migrator.php(138): Illuminate/Database/Migrations/Migrator->runPending()
#14 C:/Users/HP/Documents/GitHub/worktool-cpanel/vendor/laravel/framework/src/Illuminate/Database/Console/Migrations/MigrateCommand.php(117): Illuminate/Database/Migrations/Migrator->run()
#15 C:/Users/HP/Documents/GitHub/worktool-cpanel/vendor/laravel/framework/src/Illuminate/Database/Migrations/Migrator.php(658): Illuminate/Database/Console/Migrations/MigrateCommand->{closure:Illuminate/Database/Console/Migrations/MigrateCommand::runMigrations():110}()
#16 C:/Users/HP/Documents/GitHub/worktool-cpanel/vendor/laravel/framework/src/Illuminate/Database/Console/Migrations/MigrateCommand.php(110): Illuminate/Database/Migrations/Migrator->usingConnection()
#17 C:/Users/HP/Documents/GitHub/worktool-cpanel/vendor/laravel/framework/src/Illuminate/Database/Console/Migrations/MigrateCommand.php(89): Illuminate/Database/Console/Migrations/MigrateCommand->runMigrations()
#18 C:/Users/HP/Documents/GitHub/worktool-cpanel/vendor/laravel/framework/src/Illuminate/Container/BoundMethod.php(36): Illuminate/Database/Console/Migrations/MigrateCommand->handle()
#19 C:/Users/HP/Documents/GitHub/worktool-cpanel/vendor/laravel/framework/src/Illuminate/Container/Util.php(43): Illuminate/Container/BoundMethod::{closure:Illuminate/Container/BoundMethod::call():35}()
#20 C:/Users/HP/Documents/GitHub/worktool-cpanel/vendor/laravel/framework/src/Illuminate/Container/BoundMethod.php(95): Illuminate/Container/Util::unwrapIfClosure()
#21 C:/Users/HP/Documents/GitHub/worktool-cpanel/vendor/laravel/framework/src/Illuminate/Container/BoundMethod.php(35): Illuminate/Container/BoundMethod::callBoundMethod()
#22 C:/Users/HP/Documents/GitHub/worktool-cpanel/vendor/laravel/framework/src/Illuminate/Container/Container.php(696): Illuminate/Container/BoundMethod::call()
#23 C:/Users/HP/Documents/GitHub/worktool-cpanel/vendor/laravel/framework/src/Illuminate/Console/Command.php(213): Illuminate/Container/Container->call()
#24 C:/Users/HP/Documents/GitHub/worktool-cpanel/vendor/symfony/console/Command/Command.php(341): Illuminate/Console/Command->execute()
#25 C:/Users/HP/Documents/GitHub/worktool-cpanel/vendor/laravel/framework/src/Illuminate/Console/Command.php(182): Symfony/Component/Console/Command/Command->run()
#26 C:/Users/HP/Documents/GitHub/worktool-cpanel/vendor/symfony/console/Application.php(1117): Illuminate/Console/Command->run()
#27 C:/Users/HP/Documents/GitHub/worktool-cpanel/vendor/symfony/console/Application.php(356): Symfony/Component/Console/Application->doRunCommand()
#28 C:/Users/HP/Documents/GitHub/worktool-cpanel/vendor/symfony/console/Application.php(195): Symfony/Component/Console/Application->doRun()
#29 C:/Users/HP/Documents/GitHub/worktool-cpanel/vendor/laravel/framework/src/Illuminate/Foundation/Console/Kernel.php(198): Symfony/Component/Console/Application->run()
#30 C:/Users/HP/Documents/GitHub/worktool-cpanel/vendor/laravel/framework/src/Illuminate/Foundation/Application.php(1235): Illuminate/Foundation/Console/Kernel->handle()
#31 C:/Users/HP/Documents/GitHub/worktool-cpanel/artisan(16): Illuminate/Foundation/Application->handleCommand()
#32 {main}

[previous exception] [object] (PDOException(code: HY000): SQLSTATE[HY000]: General error: 1 near \"MODIFY\": syntax error at C:/Users/HP/Documents/GitHub/worktool-cpanel/vendor/laravel/framework/src/Illuminate/Database/Connection.php:565)
[stacktrace]
#0 C:/Users/HP/Documents/GitHub/worktool-cpanel/vendor/laravel/framework/src/Illuminate/Database/Connection.php(565): PDO->prepare()
#1 C:/Users/HP/Documents/GitHub/worktool-cpanel/vendor/laravel/framework/src/Illuminate/Database/Connection.php(812): Illuminate/Database/Connection->{closure:Illuminate/Database/Connection::statement():560}()
#2 C:/Users/HP/Documents/GitHub/worktool-cpanel/vendor/laravel/framework/src/Illuminate/Database/Connection.php(779): Illuminate/Database/Connection->runQueryCallback()
#3 C:/Users/HP/Documents/GitHub/worktool-cpanel/vendor/laravel/framework/src/Illuminate/Database/Connection.php(560): Illuminate/Database/Connection->run()
#4 C:/Users/HP/Documents/GitHub/worktool-cpanel/vendor/laravel/framework/src/Illuminate/Database/DatabaseManager.php(495): Illuminate/Database/Connection->statement()
#5 C:/Users/HP/Documents/GitHub/worktool-cpanel/vendor/laravel/framework/src/Illuminate/Support/Facades/Facade.php(361): Illuminate/Database/DatabaseManager->__call()
#6 C:/Users/HP/Documents/GitHub/worktool-cpanel/database/migrations/2026_07_14_000002_add_category_suggestions_and_status_vocab_to_issue_reports.php(23): Illuminate/Support/Facades/Facade::__callStatic()
#7 C:/Users/HP/Documents/GitHub/worktool-cpanel/vendor/laravel/framework/src/Illuminate/Database/Migrations/Migrator.php(507): Illuminate/Database/Migrations/Migration@anonymous->up()
#8 C:/Users/HP/Documents/GitHub/worktool-cpanel/vendor/laravel/framework/src/Illuminate/Database/Migrations/Migrator.php(432): Illuminate/Database/Migrations/Migrator->runMethod()
#9 C:/Users/HP/Documents/GitHub/worktool-cpanel/vendor/laravel/framework/src/Illuminate/Database/Migrations/Migrator.php(441): Illuminate/Database/Migrations/Migrator->{closure:Illuminate/Database/Migrations/Migrator::runMigration():428}()
#10 C:/Users/HP/Documents/GitHub/worktool-cpanel/vendor/laravel/framework/src/Illuminate/Database/Migrations/Migrator.php(244): Illuminate/Database/Migrations/Migrator->runMigration()
#11 C:/Users/HP/Documents/GitHub/worktool-cpanel/vendor/laravel/framework/src/Illuminate/Console/View/Components/Task.php(40): Illuminate/Database/Migrations/Migrator->{closure:Illuminate/Database/Migrations/Migrator::runUp():244}()
#12 C:/Users/HP/Documents/GitHub/worktool-cpanel/vendor/laravel/framework/src/Illuminate/Database/Migrations/Migrator.php(798): Illuminate/Console/View/Components/Task->render()
#13 C:/Users/HP/Documents/GitHub/worktool-cpanel/vendor/laravel/framework/src/Illuminate/Database/Migrations/Migrator.php(244): Illuminate/Database/Migrations/Migrator->write()
#14 C:/Users/HP/Documents/GitHub/worktool-cpanel/vendor/laravel/framework/src/Illuminate/Database/Migrations/Migrator.php(211): Illuminate/Database/Migrations/Migrator->runUp()
#15 C:/Users/HP/Documents/GitHub/worktool-cpanel/vendor/laravel/framework/src/Illuminate/Database/Migrations/Migrator.php(138): Illuminate/Database/Migrations/Migrator->runPending()
#16 C:/Users/HP/Documents/GitHub/worktool-cpanel/vendor/laravel/framework/src/Illuminate/Database/Console/Migrations/MigrateCommand.php(117): Illuminate/Database/Migrations/Migrator->run()
#17 C:/Users/HP/Documents/GitHub/worktool-cpanel/vendor/laravel/framework/src/Illuminate/Database/Migrations/Migrator.php(658): Illuminate/Database/Console/Migrations/MigrateCommand->{closure:Illuminate/Database/Console/Migrations/MigrateCommand::runMigrations():110}()
#18 C:/Users/HP/Documents/GitHub/worktool-cpanel/vendor/laravel/framework/src/Illuminate/Database/Console/Migrations/MigrateCommand.php(110): Illuminate/Database/Migrations/Migrator->usingConnection()
#19 C:/Users/HP/Documents/GitHub/worktool-cpanel/vendor/laravel/framework/src/Illuminate/Database/Console/Migrations/MigrateCommand.php(89): Illuminate/Database/Console/Migrations/MigrateCommand->runMigrations()
#20 C:/Users/HP/Documents/GitHub/worktool-cpanel/vendor/laravel/framework/src/Illuminate/Container/BoundMethod.php(36): Illuminate/Database/Console/Migrations/MigrateCommand->handle()
#21 C:/Users/HP/Documents/GitHub/worktool-cpanel/vendor/laravel/framework/src/Illuminate/Container/Util.php(43): Illuminate/Container/BoundMethod::{closure:Illuminate/Container/BoundMethod::call():35}()
#22 C:/Users/HP/Documents/GitHub/worktool-cpanel/vendor/laravel/framework/src/Illuminate/Container/BoundMethod.php(95): Illuminate/Container/Util::unwrapIfClosure()
#23 C:/Users/HP/Documents/GitHub/worktool-cpanel/vendor/laravel/framework/src/Illuminate/Container/BoundMethod.php(35): Illuminate/Container/BoundMethod::callBoundMethod()
#24 C:/Users/HP/Documents/GitHub/worktool-cpanel/vendor/laravel/framework/src/Illuminate/Container/Container.php(696): Illuminate/Container/BoundMethod::call()
#25 C:/Users/HP/Documents/GitHub/worktool-cpanel/vendor/laravel/framework/src/Illuminate/Console/Command.php(213): Illuminate/Container/Container->call()
#26 C:/Users/HP/Documents/GitHub/worktool-cpanel/vendor/symfony/console/Command/Command.php(341): Illuminate/Console/Command->execute()
#27 C:/Users/HP/Documents/GitHub/worktool-cpanel/vendor/laravel/framework/src/Illuminate/Console/Command.php(182): Symfony/Component/Console/Command/Command->run()
#28 C:/Users/HP/Documents/GitHub/worktool-cpanel/vendor/symfony/console/Application.php(1117): Illuminate/Console/Command->run()
#29 C:/Users/HP/Documents/GitHub/worktool-cpanel/vendor/symfony/console/Application.php(356): Symfony/Component/Console/Application->doRunCommand()
#30 C:/Users/HP/Documents/GitHub/worktool-cpanel/vendor/symfony/console/Application.php(195): Symfony/Component/Console/Application->doRun()
#31 C:/Users/HP/Documents/GitHub/worktool-cpanel/vendor/laravel/framework/src/Illuminate/Foundation/Console/Kernel.php(198): Symfony/Component/Console/Application->run()
#32 C:/Users/HP/Documents/GitHub/worktool-cpanel/vendor/laravel/framework/src/Illuminate/Foundation/Application.php(1235): Illuminate/Foundation/Console/Kernel->handle()
#33 C:/Users/HP/Documents/GitHub/worktool-cpanel/artisan(16): Illuminate/Foundation/Application->handleCommand()
#34 {main}
"} 
[2026-09-29 00:33:55] local.ERROR: SQLSTATE[HY000] [2002] No connection could be made because the target machine actively refused it (Connection: mysql, SQL: alter table `project_members` add constraint `project_members_user_id_foreign` foreign key (`user_id`) references `users` (`id`) on delete cascade) {"exception":"[object] (Illuminate\\Database\\QueryException(code: 2002): SQLSTATE[HY000] [2002] No connection could be made because the target machine actively refused it (Connection: mysql, SQL: alter table `project_members` add constraint `project_members_user_id_foreign` foreign key (`user_id`) references `users` (`id`) on delete cascade) at C:/Users/HP/Documents/GitHub/worktool-cpanel/vendor/laravel/framework/src/Illuminate/Database/Connection.php:825)
[stacktrace]
#0 C:/Users/HP/Documents/GitHub/worktool-cpanel/vendor/laravel/framework/src/Illuminate/Database/Connection.php(979): Illuminate/Database/Connection->runQueryCallback()
#1 C:/Users/HP/Documents/GitHub/worktool-cpanel/vendor/laravel/framework/src/Illuminate/Database/Connection.php(958): Illuminate/Database/Connection->tryAgainIfCausedByLostConnection()
#2 C:/Users/HP/Documents/GitHub/worktool-cpanel/vendor/laravel/framework/src/Illuminate/Database/Connection.php(781): Illuminate/Database/Connection->handleQueryException()
#3 C:/Users/HP/Documents/GitHub/worktool-cpanel/vendor/laravel/framework/src/Illuminate/Database/Connection.php(560): Illuminate/Database/Connection->run()
#4 C:/Users/HP/Documents/GitHub/worktool-cpanel/vendor/laravel/framework/src/Illuminate/Database/Schema/Blueprint.php(118): Illuminate/Database/Connection->statement()
#5 C:/Users/HP/Documents/GitHub/worktool-cpanel/vendor/laravel/framework/src/Illuminate/Database/Schema/Builder.php(564): Illuminate/Database/Schema/Blueprint->build()
#6 C:/Users/HP/Documents/GitHub/worktool-cpanel/vendor/laravel/framework/src/Illuminate/Database/Schema/Builder.php(418): Illuminate/Database/Schema/Builder->build()
#7 C:/Users/HP/Documents/GitHub/worktool-cpanel/vendor/laravel/framework/src/Illuminate/Support/Facades/Facade.php(361): Illuminate/Database/Schema/Builder->create()
#8 C:/Users/HP/Documents/GitHub/worktool-cpanel/database/migrations/2024_01_01_000004_create_project_members_table.php(10): Illuminate/Support/Facades/Facade::__callStatic()
#9 C:/Users/HP/Documents/GitHub/worktool-cpanel/vendor/laravel/framework/src/Illuminate/Database/Migrations/Migrator.php(507): Illuminate/Database/Migrations/Migration@anonymous->up()
#10 C:/Users/HP/Documents/GitHub/worktool-cpanel/vendor/laravel/framework/src/Illuminate/Database/Migrations/Migrator.php(432): Illuminate/Database/Migrations/Migrator->runMethod()
#11 C:/Users/HP/Documents/GitHub/worktool-cpanel/vendor/laravel/framework/src/Illuminate/Database/Migrations/Migrator.php(441): Illuminate/Database/Migrations/Migrator->{closure:Illuminate/Database/Migrations/Migrator::runMigration():428}()
#12 C:/Users/HP/Documents/GitHub/worktool-cpanel/vendor/laravel/framework/src/Illuminate/Database/Migrations/Migrator.php(244): Illuminate/Database/Migrations/Migrator->runMigration()
#13 C:/Users/HP/Documents/GitHub/worktool-cpanel/vendor/laravel/framework/src/Illuminate/Console/View/Components/Task.php(40): Illuminate/Database/Migrations/Migrator->{closure:Illuminate/Database/Migrations/Migrator::runUp():244}()
#14 C:/Users/HP/Documents/GitHub/worktool-cpanel/vendor/laravel/framework/src/Illuminate/Database/Migrations/Migrator.php(798): Illuminate/Console/View/Components/Task->render()
#15 C:/Users/HP/Documents/GitHub/worktool-cpanel/vendor/laravel/framework/src/Illuminate/Database/Migrations/Migrator.php(244): Illuminate/Database/Migrations/Migrator->write()
#16 C:/Users/HP/Documents/GitHub/worktool-cpanel/vendor/laravel/framework/src/Illuminate/Database/Migrations/Migrator.php(211): Illuminate/Database/Migrations/Migrator->runUp()
#17 C:/Users/HP/Documents/GitHub/worktool-cpanel/vendor/laravel/framework/src/Illuminate/Database/Migrations/Migrator.php(138): Illuminate/Database/Migrations/Migrator->runPending()
#18 C:/Users/HP/Documents/GitHub/worktool-cpanel/vendor/laravel/framework/src/Illuminate/Database/Console/Migrations/MigrateCommand.php(117): Illuminate/Database/Migrations/Migrator->run()
#19 C:/Users/HP/Documents/GitHub/worktool-cpanel/vendor/laravel/framework/src/Illuminate/Database/Migrations/Migrator.php(658): Illuminate/Database/Console/Migrations/MigrateCommand->{closure:Illuminate/Database/Console/Migrations/MigrateCommand::runMigrations():110}()
#20 C:/Users/HP/Documents/GitHub/worktool-cpanel/vendor/laravel/framework/src/Illuminate/Database/Console/Migrations/MigrateCommand.php(110): Illuminate/Database/Migrations/Migrator->usingConnection()
#21 C:/Users/HP/Documents/GitHub/worktool-cpanel/vendor/laravel/framework/src/Illuminate/Database/Console/Migrations/MigrateCommand.php(89): Illuminate/Database/Console/Migrations/MigrateCommand->runMigrations()
#22 C:/Users/HP/Documents/GitHub/worktool-cpanel/vendor/laravel/framework/src/Illuminate/Container/BoundMethod.php(36): Illuminate/Database/Console/Migrations/MigrateCommand->handle()
#23 C:/Users/HP/Documents/GitHub/worktool-cpanel/vendor/laravel/framework/src/Illuminate/Container/Util.php(43): Illuminate/Container/BoundMethod::{closure:Illuminate/Container/BoundMethod::call():35}()
#24 C:/Users/HP/Documents/GitHub/worktool-cpanel/vendor/laravel/framework/src/Illuminate/Container/BoundMethod.php(95): Illuminate/Container/Util::unwrapIfClosure()
#25 C:/Users/HP/Documents/GitHub/worktool-cpanel/vendor/laravel/framework/src/Illuminate/Container/BoundMethod.php(35): Illuminate/Container/BoundMethod::callBoundMethod()
#26 C:/Users/HP/Documents/GitHub/worktool-cpanel/vendor/laravel/framework/src/Illuminate/Container/Container.php(696): Illuminate/Container/BoundMethod::call()
#27 C:/Users/HP/Documents/GitHub/worktool-cpanel/vendor/laravel/framework/src/Illuminate/Console/Command.php(213): Illuminate/Container/Container->call()
#28 C:/Users/HP/Documents/GitHub/worktool-cpanel/vendor/symfony/console/Command/Command.php(341): Illuminate/Console/Command->execute()
#29 C:/Users/HP/Documents/GitHub/worktool-cpanel/vendor/laravel/framework/src/Illuminate/Console/Command.php(182): Symfony/Component/Console/Command/Command->run()
#30 C:/Users/HP/Documents/GitHub/worktool-cpanel/vendor/symfony/console/Application.php(1117): Illuminate/Console/Command->run()
#31 C:/Users/HP/Documents/GitHub/worktool-cpanel/vendor/symfony/console/Application.php(356): Symfony/Component/Console/Application->doRunCommand()
#32 C:/Users/HP/Documents/GitHub/worktool-cpanel/vendor/symfony/console/Application.php(195): Symfony/Component/Console/Application->doRun()
#33 C:/Users/HP/Documents/GitHub/worktool-cpanel/vendor/laravel/framework/src/Illuminate/Foundation/Console/Kernel.php(198): Symfony/Component/Console/Application->run()
#34 C:/Users/HP/Documents/GitHub/worktool-cpanel/vendor/laravel/framework/src/Illuminate/Foundation/Application.php(1235): Illuminate/Foundation/Console/Kernel->handle()
#35 C:/Users/HP/Documents/GitHub/worktool-cpanel/artisan(16): Illuminate/Foundation/Application->handleCommand()
#36 {main}

[previous exception] [object] (PDOException(code: 2002): SQLSTATE[HY000] [2002] No connection could be made because the target machine actively refused it at C:/Users/HP/Documents/GitHub/worktool-cpanel/vendor/laravel/framework/src/Illuminate/Database/Connectors/Connector.php:67)
[stacktrace]
#0 C:/Users/HP/Documents/GitHub/worktool-cpanel/vendor/laravel/framework/src/Illuminate/Database/Connectors/Connector.php(67): PDO::connect()
#1 C:/Users/HP/Documents/GitHub/worktool-cpanel/vendor/laravel/framework/src/Illuminate/Database/Connectors/Connector.php(85): Illuminate/Database/Connectors/Connector->createPdoConnection()
#2 C:/Users/HP/Documents/GitHub/worktool-cpanel/vendor/laravel/framework/src/Illuminate/Database/Connectors/Connector.php(48): Illuminate/Database/Connectors/Connector->tryAgainIfCausedByLostConnection()
#3 C:/Users/HP/Documents/GitHub/worktool-cpanel/vendor/laravel/framework/src/Illuminate/Database/Connectors/MySqlConnector.php(24): Illuminate/Database/Connectors/Connector->createConnection()
#4 C:/Users/HP/Documents/GitHub/worktool-cpanel/vendor/laravel/framework/src/Illuminate/Database/Connectors/ConnectionFactory.php(185): Illuminate/Database/Connectors/MySqlConnector->connect()
#5 [internal function]: Illuminate/Database/Connectors/ConnectionFactory->{closure:Illuminate/Database/Connectors/ConnectionFactory::createPdoResolverWithHosts():180}()
#6 C:/Users/HP/Documents/GitHub/worktool-cpanel/vendor/laravel/framework/src/Illuminate/Database/Connection.php(1231): call_user_func()
#7 C:/Users/HP/Documents/GitHub/worktool-cpanel/vendor/laravel/framework/src/Illuminate/Database/Connection.php(565): Illuminate/Database/Connection->getPdo()
#8 C:/Users/HP/Documents/GitHub/worktool-cpanel/vendor/laravel/framework/src/Illuminate/Database/Connection.php(812): Illuminate/Database/Connection->{closure:Illuminate/Database/Connection::statement():560}()
#9 C:/Users/HP/Documents/GitHub/worktool-cpanel/vendor/laravel/framework/src/Illuminate/Database/Connection.php(979): Illuminate/Database/Connection->runQueryCallback()
#10 C:/Users/HP/Documents/GitHub/worktool-cpanel/vendor/laravel/framework/src/Illuminate/Database/Connection.php(958): Illuminate/Database/Connection->tryAgainIfCausedByLostConnection()
#11 C:/Users/HP/Documents/GitHub/worktool-cpanel/vendor/laravel/framework/src/Illuminate/Database/Connection.php(781): Illuminate/Database/Connection->handleQueryException()
#12 C:/Users/HP/Documents/GitHub/worktool-cpanel/vendor/laravel/framework/src/Illuminate/Database/Connection.php(560): Illuminate/Database/Connection->run()
#13 C:/Users/HP/Documents/GitHub/worktool-cpanel/vendor/laravel/framework/src/Illuminate/Database/Schema/Blueprint.php(118): Illuminate/Database/Connection->statement()
#14 C:/Users/HP/Documents/GitHub/worktool-cpanel/vendor/laravel/framework/src/Illuminate/Database/Schema/Builder.php(564): Illuminate/Database/Schema/Blueprint->build()
#15 C:/Users/HP/Documents/GitHub/worktool-cpanel/vendor/laravel/framework/src/Illuminate/Database/Schema/Builder.php(418): Illuminate/Database/Schema/Builder->build()
#16 C:/Users/HP/Documents/GitHub/worktool-cpanel/vendor/laravel/framework/src/Illuminate/Support/Facades/Facade.php(361): Illuminate/Database/Schema/Builder->create()
#17 C:/Users/HP/Documents/GitHub/worktool-cpanel/database/migrations/2024_01_01_000004_create_project_members_table.php(10): Illuminate/Support/Facades/Facade::__callStatic()
#18 C:/Users/HP/Documents/GitHub/worktool-cpanel/vendor/laravel/framework/src/Illuminate/Database/Migrations/Migrator.php(507): Illuminate/Database/Migrations/Migration@anonymous->up()
#19 C:/Users/HP/Documents/GitHub/worktool-cpanel/vendor/laravel/framework/src/Illuminate/Database/Migrations/Migrator.php(432): Illuminate/Database/Migrations/Migrator->runMethod()
#20 C:/Users/HP/Documents/GitHub/worktool-cpanel/vendor/laravel/framework/src/Illuminate/Database/Migrations/Migrator.php(441): Illuminate/Database/Migrations/Migrator->{closure:Illuminate/Database/Migrations/Migrator::runMigration():428}()
#21 C:/Users/HP/Documents/GitHub/worktool-cpanel/vendor/laravel/framework/src/Illuminate/Database/Migrations/Migrator.php(244): Illuminate/Database/Migrations/Migrator->runMigration()
#22 C:/Users/HP/Documents/GitHub/worktool-cpanel/vendor/laravel/framework/src/Illuminate/Console/View/Components/Task.php(40): Illuminate/Database/Migrations/Migrator->{closure:Illuminate/Database/Migrations/Migrator::runUp():244}()
#23 C:/Users/HP/Documents/GitHub/worktool-cpanel/vendor/laravel/framework/src/Illuminate/Database/Migrations/Migrator.php(798): Illuminate/Console/View/Components/Task->render()
#24 C:/Users/HP/Documents/GitHub/worktool-cpanel/vendor/laravel/framework/src/Illuminate/Database/Migrations/Migrator.php(244): Illuminate/Database/Migrations/Migrator->write()
#25 C:/Users/HP/Documents/GitHub/worktool-cpanel/vendor/laravel/framework/src/Illuminate/Database/Migrations/Migrator.php(211): Illuminate/Database/Migrations/Migrator->runUp()
#26 C:/Users/HP/Documents/GitHub/worktool-cpanel/vendor/laravel/framework/src/Illuminate/Database/Migrations/Migrator.php(138): Illuminate/Database/Migrations/Migrator->runPending()
#27 C:/Users/HP/Documents/GitHub/worktool-cpanel/vendor/laravel/framework/src/Illuminate/Database/Console/Migrations/MigrateCommand.php(117): Illuminate/Database/Migrations/Migrator->run()
#28 C:/Users/HP/Documents/GitHub/worktool-cpanel/vendor/laravel/framework/src/Illuminate/Database/Migrations/Migrator.php(658): Illuminate/Database/Console/Migrations/MigrateCommand->{closure:Illuminate/Database/Console/Migrations/MigrateCommand::runMigrations():110}()
#29 C:/Users/HP/Documents/GitHub/worktool-cpanel/vendor/laravel/framework/src/Illuminate/Database/Console/Migrations/MigrateCommand.php(110): Illuminate/Database/Migrations/Migrator->usingConnection()
#30 C:/Users/HP/Documents/GitHub/worktool-cpanel/vendor/laravel/framework/src/Illuminate/Database/Console/Migrations/MigrateCommand.php(89): Illuminate/Database/Console/Migrations/MigrateCommand->runMigrations()
#31 C:/Users/HP/Documents/GitHub/worktool-cpanel/vendor/laravel/framework/src/Illuminate/Container/BoundMethod.php(36): Illuminate/Database/Console/Migrations/MigrateCommand->handle()
#32 C:/Users/HP/Documents/GitHub/worktool-cpanel/vendor/laravel/framework/src/Illuminate/Container/Util.php(43): Illuminate/Container/BoundMethod::{closure:Illuminate/Container/BoundMethod::call():35}()
#33 C:/Users/HP/Documents/GitHub/worktool-cpanel/vendor/laravel/framework/src/Illuminate/Container/BoundMethod.php(95): Illuminate/Container/Util::unwrapIfClosure()
#34 C:/Users/HP/Documents/GitHub/worktool-cpanel/vendor/laravel/framework/src/Illuminate/Container/BoundMethod.php(35): Illuminate/Container/BoundMethod::callBoundMethod()
#35 C:/Users/HP/Documents/GitHub/worktool-cpanel/vendor/laravel/framework/src/Illuminate/Container/Container.php(696): Illuminate/Container/BoundMethod::call()
#36 C:/Users/HP/Documents/GitHub/worktool-cpanel/vendor/laravel/framework/src/Illuminate/Console/Command.php(213): Illuminate/Container/Container->call()
#37 C:/Users/HP/Documents/GitHub/worktool-cpanel/vendor/symfony/console/Command/Command.php(341): Illuminate/Console/Command->execute()
#38 C:/Users/HP/Documents/GitHub/worktool-cpanel/vendor/laravel/framework/src/Illuminate/Console/Command.php(182): Symfony/Component/Console/Command/Command->run()
#39 C:/Users/HP/Documents/GitHub/worktool-cpanel/vendor/symfony/console/Application.php(1117): Illuminate/Console/Command->run()
#40 C:/Users/HP/Documents/GitHub/worktool-cpanel/vendor/symfony/console/Application.php(356): Symfony/Component/Console/Application->doRunCommand()
#41 C:/Users/HP/Documents/GitHub/worktool-cpanel/vendor/symfony/console/Application.php(195): Symfony/Component/Console/Application->doRun()
#42 C:/Users/HP/Documents/GitHub/worktool-cpanel/vendor/laravel/framework/src/Illuminate/Foundation/Console/Kernel.php(198): Symfony/Component/Console/Application->run()
#43 C:/Users/HP/Documents/GitHub/worktool-cpanel/vendor/laravel/framework/src/Illuminate/Foundation/Application.php(1235): Illuminate/Foundation/Console/Kernel->handle()
#44 C:/Users/HP/Documents/GitHub/worktool-cpanel/artisan(16): Illuminate/Foundation/Application->handleCommand()
#45 {main}
"} 
[2026-09-29 00:34:03] local.ERROR: SQLSTATE[HY000] [2002] No connection could be made because the target machine actively refused it (Connection: mysql, SQL: select exists (select 1 from information_schema.tables where table_schema = 'worktool_local' and table_name = 'migrations' and table_type in ('BASE TABLE', 'SYSTEM VERSIONED')) as `exists`) {"exception":"[object] (Illuminate\\Database\\QueryException(code: 2002): SQLSTATE[HY000] [2002] No connection could be made because the target machine actively refused it (Connection: mysql, SQL: select exists (select 1 from information_schema.tables where table_schema = 'worktool_local' and table_name = 'migrations' and table_type in ('BASE TABLE', 'SYSTEM VERSIONED')) as `exists`) at C:/Users/HP/Documents/GitHub/worktool-cpanel/vendor/laravel/framework/src/Illuminate/Database/Connection.php:825)
[stacktrace]
#0 C:/Users/HP/Documents/GitHub/worktool-cpanel/vendor/laravel/framework/src/Illuminate/Database/Connection.php(979): Illuminate/Database/Connection->runQueryCallback()
#1 C:/Users/HP/Documents/GitHub/worktool-cpanel/vendor/laravel/framework/src/Illuminate/Database/Connection.php(958): Illuminate/Database/Connection->tryAgainIfCausedByLostConnection()
#2 C:/Users/HP/Documents/GitHub/worktool-cpanel/vendor/laravel/framework/src/Illuminate/Database/Connection.php(781): Illuminate/Database/Connection->handleQueryException()
#3 C:/Users/HP/Documents/GitHub/worktool-cpanel/vendor/laravel/framework/src/Illuminate/Database/Connection.php(398): Illuminate/Database/Connection->run()
#4 C:/Users/HP/Documents/GitHub/worktool-cpanel/vendor/laravel/framework/src/Illuminate/Database/Connection.php(344): Illuminate/Database/Connection->select()
#5 C:/Users/HP/Documents/GitHub/worktool-cpanel/vendor/laravel/framework/src/Illuminate/Database/Connection.php(361): Illuminate/Database/Connection->selectOne()
#6 C:/Users/HP/Documents/GitHub/worktool-cpanel/vendor/laravel/framework/src/Illuminate/Database/Schema/MySqlBuilder.php(45): Illuminate/Database/Connection->scalar()
#7 C:/Users/HP/Documents/GitHub/worktool-cpanel/vendor/laravel/framework/src/Illuminate/Database/Migrations/DatabaseMigrationRepository.php(184): Illuminate/Database/Schema/MySqlBuilder->hasTable()
#8 C:/Users/HP/Documents/GitHub/worktool-cpanel/vendor/laravel/framework/src/Illuminate/Database/Migrations/Migrator.php(742): Illuminate/Database/Migrations/DatabaseMigrationRepository->repositoryExists()
#9 C:/Users/HP/Documents/GitHub/worktool-cpanel/vendor/laravel/framework/src/Illuminate/Database/Console/Migrations/StatusCommand.php(56): Illuminate/Database/Migrations/Migrator->repositoryExists()
#10 C:/Users/HP/Documents/GitHub/worktool-cpanel/vendor/laravel/framework/src/Illuminate/Database/Migrations/Migrator.php(658): Illuminate/Database/Console/Migrations/StatusCommand->{closure:Illuminate/Database/Console/Migrations/StatusCommand::handle():55}()
#11 C:/Users/HP/Documents/GitHub/worktool-cpanel/vendor/laravel/framework/src/Illuminate/Database/Console/Migrations/StatusCommand.php(55): Illuminate/Database/Migrations/Migrator->usingConnection()
#12 C:/Users/HP/Documents/GitHub/worktool-cpanel/vendor/laravel/framework/src/Illuminate/Container/BoundMethod.php(36): Illuminate/Database/Console/Migrations/StatusCommand->handle()
#13 C:/Users/HP/Documents/GitHub/worktool-cpanel/vendor/laravel/framework/src/Illuminate/Container/Util.php(43): Illuminate/Container/BoundMethod::{closure:Illuminate/Container/BoundMethod::call():35}()
#14 C:/Users/HP/Documents/GitHub/worktool-cpanel/vendor/laravel/framework/src/Illuminate/Container/BoundMethod.php(95): Illuminate/Container/Util::unwrapIfClosure()
#15 C:/Users/HP/Documents/GitHub/worktool-cpanel/vendor/laravel/framework/src/Illuminate/Container/BoundMethod.php(35): Illuminate/Container/BoundMethod::callBoundMethod()
#16 C:/Users/HP/Documents/GitHub/worktool-cpanel/vendor/laravel/framework/src/Illuminate/Container/Container.php(696): Illuminate/Container/BoundMethod::call()
#17 C:/Users/HP/Documents/GitHub/worktool-cpanel/vendor/laravel/framework/src/Illuminate/Console/Command.php(213): Illuminate/Container/Container->call()
#18 C:/Users/HP/Documents/GitHub/worktool-cpanel/vendor/symfony/console/Command/Command.php(341): Illuminate/Console/Command->execute()
#19 C:/Users/HP/Documents/GitHub/worktool-cpanel/vendor/laravel/framework/src/Illuminate/Console/Command.php(182): Symfony/Component/Console/Command/Command->run()
#20 C:/Users/HP/Documents/GitHub/worktool-cpanel/vendor/symfony/console/Application.php(1117): Illuminate/Console/Command->run()
#21 C:/Users/HP/Documents/GitHub/worktool-cpanel/vendor/symfony/console/Application.php(356): Symfony/Component/Console/Application->doRunCommand()
#22 C:/Users/HP/Documents/GitHub/worktool-cpanel/vendor/symfony/console/Application.php(195): Symfony/Component/Console/Application->doRun()
#23 C:/Users/HP/Documents/GitHub/worktool-cpanel/vendor/laravel/framework/src/Illuminate/Foundation/Console/Kernel.php(198): Symfony/Component/Console/Application->run()
#24 C:/Users/HP/Documents/GitHub/worktool-cpanel/vendor/laravel/framework/src/Illuminate/Foundation/Application.php(1235): Illuminate/Foundation/Console/Kernel->handle()
#25 C:/Users/HP/Documents/GitHub/worktool-cpanel/artisan(16): Illuminate/Foundation/Application->handleCommand()
#26 {main}

[previous exception] [object] (PDOException(code: 2002): SQLSTATE[HY000] [2002] No connection could be made because the target machine actively refused it at C:/Users/HP/Documents/GitHub/worktool-cpanel/vendor/laravel/framework/src/Illuminate/Database/Connectors/Connector.php:67)
[stacktrace]
#0 C:/Users/HP/Documents/GitHub/worktool-cpanel/vendor/laravel/framework/src/Illuminate/Database/Connectors/Connector.php(67): PDO::connect()
#1 C:/Users/HP/Documents/GitHub/worktool-cpanel/vendor/laravel/framework/src/Illuminate/Database/Connectors/Connector.php(85): Illuminate/Database/Connectors/Connector->createPdoConnection()
#2 C:/Users/HP/Documents/GitHub/worktool-cpanel/vendor/laravel/framework/src/Illuminate/Database/Connectors/Connector.php(48): Illuminate/Database/Connectors/Connector->tryAgainIfCausedByLostConnection()
#3 C:/Users/HP/Documents/GitHub/worktool-cpanel/vendor/laravel/framework/src/Illuminate/Database/Connectors/MySqlConnector.php(24): Illuminate/Database/Connectors/Connector->createConnection()
#4 C:/Users/HP/Documents/GitHub/worktool-cpanel/vendor/laravel/framework/src/Illuminate/Database/Connectors/ConnectionFactory.php(185): Illuminate/Database/Connectors/MySqlConnector->connect()
#5 [internal function]: Illuminate/Database/Connectors/ConnectionFactory->{closure:Illuminate/Database/Connectors/ConnectionFactory::createPdoResolverWithHosts():180}()
#6 C:/Users/HP/Documents/GitHub/worktool-cpanel/vendor/laravel/framework/src/Illuminate/Database/Connection.php(1231): call_user_func()
#7 C:/Users/HP/Documents/GitHub/worktool-cpanel/vendor/laravel/framework/src/Illuminate/Database/Connection.php(1267): Illuminate/Database/Connection->getPdo()
#8 C:/Users/HP/Documents/GitHub/worktool-cpanel/vendor/laravel/framework/src/Illuminate/Database/Connection.php(512): Illuminate/Database/Connection->getReadPdo()
#9 C:/Users/HP/Documents/GitHub/worktool-cpanel/vendor/laravel/framework/src/Illuminate/Database/Connection.php(407): Illuminate/Database/Connection->getPdoForSelect()
#10 C:/Users/HP/Documents/GitHub/worktool-cpanel/vendor/laravel/framework/src/Illuminate/Database/Connection.php(812): Illuminate/Database/Connection->{closure:Illuminate/Database/Connection::select():398}()
#11 C:/Users/HP/Documents/GitHub/worktool-cpanel/vendor/laravel/framework/src/Illuminate/Database/Connection.php(979): Illuminate/Database/Connection->runQueryCallback()
#12 C:/Users/HP/Documents/GitHub/worktool-cpanel/vendor/laravel/framework/src/Illuminate/Database/Connection.php(958): Illuminate/Database/Connection->tryAgainIfCausedByLostConnection()
#13 C:/Users/HP/Documents/GitHub/worktool-cpanel/vendor/laravel/framework/src/Illuminate/Database/Connection.php(781): Illuminate/Database/Connection->handleQueryException()
#14 C:/Users/HP/Documents/GitHub/worktool-cpanel/vendor/laravel/framework/src/Illuminate/Database/Connection.php(398): Illuminate/Database/Connection->run()
#15 C:/Users/HP/Documents/GitHub/worktool-cpanel/vendor/laravel/framework/src/Illuminate/Database/Connection.php(344): Illuminate/Database/Connection->select()
#16 C:/Users/HP/Documents/GitHub/worktool-cpanel/vendor/laravel/framework/src/Illuminate/Database/Connection.php(361): Illuminate/Database/Connection->selectOne()
#17 C:/Users/HP/Documents/GitHub/worktool-cpanel/vendor/laravel/framework/src/Illuminate/Database/Schema/MySqlBuilder.php(45): Illuminate/Database/Connection->scalar()
#18 C:/Users/HP/Documents/GitHub/worktool-cpanel/vendor/laravel/framework/src/Illuminate/Database/Migrations/DatabaseMigrationRepository.php(184): Illuminate/Database/Schema/MySqlBuilder->hasTable()
#19 C:/Users/HP/Documents/GitHub/worktool-cpanel/vendor/laravel/framework/src/Illuminate/Database/Migrations/Migrator.php(742): Illuminate/Database/Migrations/DatabaseMigrationRepository->repositoryExists()
#20 C:/Users/HP/Documents/GitHub/worktool-cpanel/vendor/laravel/framework/src/Illuminate/Database/Console/Migrations/StatusCommand.php(56): Illuminate/Database/Migrations/Migrator->repositoryExists()
#21 C:/Users/HP/Documents/GitHub/worktool-cpanel/vendor/laravel/framework/src/Illuminate/Database/Migrations/Migrator.php(658): Illuminate/Database/Console/Migrations/StatusCommand->{closure:Illuminate/Database/Console/Migrations/StatusCommand::handle():55}()
#22 C:/Users/HP/Documents/GitHub/worktool-cpanel/vendor/laravel/framework/src/Illuminate/Database/Console/Migrations/StatusCommand.php(55): Illuminate/Database/Migrations/Migrator->usingConnection()
#23 C:/Users/HP/Documents/GitHub/worktool-cpanel/vendor/laravel/framework/src/Illuminate/Container/BoundMethod.php(36): Illuminate/Database/Console/Migrations/StatusCommand->handle()
#24 C:/Users/HP/Documents/GitHub/worktool-cpanel/vendor/laravel/framework/src/Illuminate/Container/Util.php(43): Illuminate/Container/BoundMethod::{closure:Illuminate/Container/BoundMethod::call():35}()
#25 C:/Users/HP/Documents/GitHub/worktool-cpanel/vendor/laravel/framework/src/Illuminate/Container/BoundMethod.php(95): Illuminate/Container/Util::unwrapIfClosure()
#26 C:/Users/HP/Documents/GitHub/worktool-cpanel/vendor/laravel/framework/src/Illuminate/Container/BoundMethod.php(35): Illuminate/Container/BoundMethod::callBoundMethod()
#27 C:/Users/HP/Documents/GitHub/worktool-cpanel/vendor/laravel/framework/src/Illuminate/Container/Container.php(696): Illuminate/Container/BoundMethod::call()
#28 C:/Users/HP/Documents/GitHub/worktool-cpanel/vendor/laravel/framework/src/Illuminate/Console/Command.php(213): Illuminate/Container/Container->call()
#29 C:/Users/HP/Documents/GitHub/worktool-cpanel/vendor/symfony/console/Command/Command.php(341): Illuminate/Console/Command->execute()
#30 C:/Users/HP/Documents/GitHub/worktool-cpanel/vendor/laravel/framework/src/Illuminate/Console/Command.php(182): Symfony/Component/Console/Command/Command->run()
#31 C:/Users/HP/Documents/GitHub/worktool-cpanel/vendor/symfony/console/Application.php(1117): Illuminate/Console/Command->run()
#32 C:/Users/HP/Documents/GitHub/worktool-cpanel/vendor/symfony/console/Application.php(356): Symfony/Component/Console/Application->doRunCommand()
#33 C:/Users/HP/Documents/GitHub/worktool-cpanel/vendor/symfony/console/Application.php(195): Symfony/Component/Console/Application->doRun()
#34 C:/Users/HP/Documents/GitHub/worktool-cpanel/vendor/laravel/framework/src/Illuminate/Foundation/Console/Kernel.php(198): Symfony/Component/Console/Application->run()
#35 C:/Users/HP/Documents/GitHub/worktool-cpanel/vendor/laravel/framework/src/Illuminate/Foundation/Application.php(1235): Illuminate/Foundation/Console/Kernel->handle()
#36 C:/Users/HP/Documents/GitHub/worktool-cpanel/artisan(16): Illuminate/Foundation/Application->handleCommand()
#37 {main}
"} 
[2026-09-29 05:43:19] local.WARNING: OneSignal push failed for user 4: cURL error 60: SSL certificate OpenSSL verify result: unable to get local issuer certificate (20) (see https://curl.haxx.se/libcurl/c/libcurl-errors.html) for https://onesignal.com/api/v1/notifications  
[2026-09-29 06:25:57] local.WARNING: OneSignal push failed for user 4: cURL error 60: SSL certificate OpenSSL verify result: unable to get local issuer certificate (20) (see https://curl.haxx.se/libcurl/c/libcurl-errors.html) for https://onesignal.com/api/v1/notifications  
[2026-09-29 06:41:04] local.WARNING: OneSignal push failed for user 4: cURL error 60: SSL certificate OpenSSL verify result: unable to get local issuer certificate (20) (see https://curl.haxx.se/libcurl/c/libcurl-errors.html) for https://onesignal.com/api/v1/notifications  
